
Running 3 tests using 3 workers

[1A[2K[1/3] [chromium] ΓÇ║ tests\auth.spec.js:40:3 ΓÇ║ Authentication - Register ΓÇ║ TC_REG_06: Should fail when email already exists
[1A[2K[2/3] [chromium] ΓÇ║ tests\auth.spec.js:70:3 ΓÇ║ Authentication - Register ΓÇ║ TC_REG_09: Should fail with empty email
[1A[2K[3/3] [chromium] ΓÇ║ tests\auth.spec.js:8:3 ΓÇ║ Authentication - Register ΓÇ║ TC_REG_01: Should register successfully with valid data
[1A[2K  1) [chromium] ΓÇ║ tests\auth.spec.js:40:3 ΓÇ║ Authentication - Register ΓÇ║ TC_REG_06: Should fail when email already exists 

    Error: page.goto: net::ERR_CONNECTION_REFUSED at http://localhost:5173/register
    Call log:
    [2m  - navigating to "http://localhost:5173/register", waiting until "load"[22m


      49 |     });
      50 |
    > 51 |     await page.goto(`${BASE_URL}/register`);
         |                ^
      52 |     
      53 |     await page.fill('#email', email);
      54 |     await page.fill('#password', 'newpassword');
        at D:\Project\englearn\frontend\tests\auth.spec.js:51:16


[1A[2K  2) [chromium] ΓÇ║ tests\auth.spec.js:70:3 ΓÇ║ Authentication - Register ΓÇ║ TC_REG_09: Should fail with empty email 

    Error: page.goto: net::ERR_CONNECTION_REFUSED at http://localhost:5173/register
    Call log:
    [2m  - navigating to "http://localhost:5173/register", waiting until "load"[22m


      69 |
      70 |   test('TC_REG_09: Should fail with empty email', async ({ page }) => {
    > 71 |     await page.goto(`${BASE_URL}/register`);
         |                ^
      72 |     
      73 |     await page.fill('#password', 'password123');
      74 |     await page.fill('#displayName', 'User No Email');
        at D:\Project\englearn\frontend\tests\auth.spec.js:71:16


[1A[2K  3) [chromium] ΓÇ║ tests\auth.spec.js:8:3 ΓÇ║ Authentication - Register ΓÇ║ TC_REG_01: Should register successfully with valid data 

    Error: page.goto: net::ERR_CONNECTION_REFUSED at http://localhost:5173/register
    Call log:
    [2m  - navigating to "http://localhost:5173/register", waiting until "load"[22m


      12 |     const displayName = 'Test User';
      13 |
    > 14 |     await page.goto(`${BASE_URL}/register`);
         |                ^
      15 |
      16 |     // Fill registration form
      17 |     await page.fill('#email', email); 
        at D:\Project\englearn\frontend\tests\auth.spec.js:14:16


[1A[2K  3 failed
    [chromium] ΓÇ║ tests\auth.spec.js:8:3 ΓÇ║ Authentication - Register ΓÇ║ TC_REG_01: Should register successfully with valid data 
    [chromium] ΓÇ║ tests\auth.spec.js:40:3 ΓÇ║ Authentication - Register ΓÇ║ TC_REG_06: Should fail when email already exists 
    [chromium] ΓÇ║ tests\auth.spec.js:70:3 ΓÇ║ Authentication - Register ΓÇ║ TC_REG_09: Should fail with empty email 
